[http-bio-8084-exec-6] DEBUGDistanceServlet  - Request Parameters ==>Distance-20000.0m Conversion Unit- mi
[qtp770921565-32] DEBUGDistanceServlet  - Request Parameters ==>Distance-10.0km Conversion Unit- mi
[qtp770921565-28] DEBUGDistanceServlet  - Request Parameters ==>Distance-15.0km Conversion Unit- mi
[qtp1974284481-30] DEBUGDistanceServlet  - Request Parameters ==>Distance-10.0km Conversion Unit- yd
[qtp1974284481-27] DEBUGDistanceServlet  - Request Parameters ==>Distance-10.0km Conversion Unit- mi
[qtp1559258941-33] DEBUGDistanceServlet  - Request Parameters ==>Distance-nullnull Conversion Unit- null
[qtp1559258941-28] DEBUGDistanceServlet  - Request Parameters ==>Distance-nullnull Conversion Unit- null
[qtp770921565-33] DEBUGDistanceServlet  - Request Parameters ==>Distance-15km Conversion Unit- mi
[qtp770921565-29] DEBUGDistanceServlet  - Request Parameters ==>Distance-15km Conversion Unit- mi
[qtp770921565-27] DEBUGDistanceServlet  - Request Parameters ==>Distance-15km Conversion Unit- mi
[qtp770921565-27] DEBUGDistanceServlet  - Request Parameters ==>Distance-15km Conversion Unit- mi
[qtp770921565-32] DEBUGDistanceServlet  - Request Parameters ==>Distance-15km Conversion Unit- mi
[qtp1974284481-33] DEBUGDistanceServlet  - Request Parameters ==>Distance-20km Conversion Unit- mi
[qtp1974284481-34] DEBUGDistanceServlet  - Request Parameters ==>Distance-15km Conversion Unit- mi
[qtp1974284481-28] DEBUGDistanceServlet  - Request Parameters ==>Distance-10km Conversion Unit- mi
[qtp1974284481-28] DEBUGDistanceServlet  - Request Parameters ==>Distance-100km Conversion Unit- mi
[qtp1001114349-27] DEBUGDistanceServlet  - Request Parameters ==>Distance-5km Conversion Unit- mi
[qtp1518712038-29] DEBUGDistanceServlet  - Request Parameters ==>Distance-5km Conversion Unit- mi
[qtp1978471002-27] DEBUGDistanceServlet  - Request Parameters ==>Distance-5km Conversion Unit- mi
[qtp1978471002-30] DEBUGDistanceServlet  - Request Parameters ==>Distance-km Conversion Unit- mi
[qtp1978471002-31] DEBUGDistanceServlet  - Request Parameters ==>Distance-km Conversion Unit- mi
